GAS LISTING C:\Users\Jack\AppData\Local\Temp/ccApBV9s.s 			page 1


   1               		.file	"main.c"
   2               		.arch atmega2561
   3               	__SREG__ = 0x3f
   4               	__SP_H__ = 0x3e
   5               	__SP_L__ = 0x3d
   6               	__tmp_reg__ = 0
   7               	__zero_reg__ = 1
   8               		.global __do_copy_data
   9               		.global __do_clear_bss
  10               		.text
  11               	.global	SysInitIO
  12               		.type	SysInitIO, @function
  13               	SysInitIO:
  14               	/* prologue: frame size=0 */
  15               	/* prologue end (size=0) */
  16 0000 87EF      		ldi r24,lo8(-9)
  17 0002 84B9      		out 36-0x20,r24
  18 0004 8CE0      		ldi r24,lo8(12)
  19 0006 8AB9      		out 42-0x20,r24
  20 0008 8BB1      		in r24,43-0x20
  21 000a 8C70      		andi r24,lo8(12)
  22 000c 836F      		ori r24,lo8(-13)
  23 000e 8BB9      		out 43-0x20,r24
  24 0010 8EE8      		ldi r24,lo8(-114)
  25 0012 8DB9      		out 45-0x20,r24
  26 0014 8EB1      		in r24,46-0x20
  27 0016 8E78      		andi r24,lo8(-114)
  28 0018 8160      		ori r24,lo8(1)
  29 001a 8EB9      		out 46-0x20,r24
  30 001c 85B7      		in r24,85-0x20
  31 001e 8068      		ori r24,lo8(-128)
  32 0020 85BF      		out 85-0x20,r24
  33 0022 85B7      		in r24,85-0x20
  34 0024 8068      		ori r24,lo8(-128)
  35 0026 85BF      		out 85-0x20,r24
  36 0028 8EE0      		ldi r24,lo8(14)
  37 002a 80BB      		out 48-0x20,r24
  38 002c 81B3      		in r24,49-0x20
  39 002e 8E70      		andi r24,lo8(14)
  40 0030 816F      		ori r24,lo8(-15)
  41 0032 81BB      		out 49-0x20,r24
  42 0034 88E1      		ldi r24,lo8(24)
  43 0036 83BB      		out 51-0x20,r24
  44               	/* epilogue: frame size=0 */
  45 0038 0895      		ret
  46               	/* epilogue end (size=1) */
  47               	/* function SysInitIO size 29 (28) */
  48               		.size	SysInitIO, .-SysInitIO
  49               	.global	NutAppMain
  50               		.type	NutAppMain, @function
  51               	NutAppMain:
  52               	/* prologue: frame size=18 */
  53 003a EF92      		push r14
  54 003c FF92      		push r15
  55 003e 0F93      		push r16
  56 0040 1F93      		push r17
  57 0042 CF93      		push r28
GAS LISTING C:\Users\Jack\AppData\Local\Temp/ccApBV9s.s 			page 2


  58 0044 DF93      		push r29
  59 0046 CDB7      		in r28,__SP_L__
  60 0048 DEB7      		in r29,__SP_H__
  61 004a 6297      		sbiw r28,18
  62 004c 0FB6      		in __tmp_reg__,__SREG__
  63 004e F894      		cli
  64 0050 DEBF      		out __SP_H__,r29
  65 0052 0FBE      		out __SREG__,__tmp_reg__
  66 0054 CDBF      		out __SP_L__,r28
  67               	/* prologue end (size=14) */
  68 0056 0E94 0000 		call WatchDogDisable
  69 005a 84E6      		ldi r24,lo8(100)
  70 005c 0E94 0000 		call NutDelay
  71 0060 0E94 0000 		call SysInitIO
  72 0064 0E94 0000 		call SPIinit
  73 0068 0E94 0000 		call LedInit
  74 006c 0E94 0000 		call LcdLowLevelInit
  75 0070 0E94 0000 		call Uart0DriverInit
  76 0074 0E94 0000 		call Uart0DriverStart
  77 0078 0E94 0000 		call LogInit
  78 007c 80E0      		ldi r24,lo8(__c.2551)
  79 007e 90E0      		ldi r25,hi8(__c.2551)
  80 0080 9F93      		push r25
  81 0082 8F93      		push r24
  82 0084 16EC      		ldi r17,lo8(-58)
  83 0086 1F93      		push r17
  84 0088 0E94 0000 		call LogMsg_P
  85 008c 0E94 0000 		call CardInit
  86 0090 0E94 0000 		call X12Init
  87 0094 CE01      		movw r24,r28
  88 0096 0196      		adiw r24,1
  89 0098 0E94 0000 		call X12RtcGetClock
  90 009c 0F90      		pop __tmp_reg__
  91 009e 0F90      		pop __tmp_reg__
  92 00a0 0F90      	 	pop __tmp_reg__
  93 00a2 892B      		or r24,r25
  94 00a4 01F4      		brne .L4
  95 00a6 8981      		ldd r24,Y+1
  96 00a8 9A81      		ldd r25,Y+2
  97 00aa 9F93      		push r25
  98 00ac 8F93      		push r24
  99 00ae 8B81      		ldd r24,Y+3
 100 00b0 9C81      		ldd r25,Y+4
 101 00b2 9F93      		push r25
 102 00b4 8F93      		push r24
 103 00b6 8D81      		ldd r24,Y+5
 104 00b8 9E81      		ldd r25,Y+6
 105 00ba 9F93      		push r25
 106 00bc 8F93      		push r24
 107 00be 80E0      		ldi r24,lo8(__c.2553)
 108 00c0 90E0      		ldi r25,hi8(__c.2553)
 109 00c2 9F93      		push r25
 110 00c4 8F93      		push r24
 111 00c6 1F93      		push r17
 112 00c8 0E94 0000 		call LogMsg_P
 113 00cc 8DB7      		in r24,__SP_L__
 114 00ce 9EB7      		in r25,__SP_H__
GAS LISTING C:\Users\Jack\AppData\Local\Temp/ccApBV9s.s 			page 3


 115 00d0 0996      		adiw r24,9
 116 00d2 0FB6      		in __tmp_reg__,__SREG__
 117 00d4 F894      		cli
 118 00d6 9EBF      		out __SP_H__,r25
 119 00d8 0FBE      		out __SREG__,__tmp_reg__
 120 00da 8DBF      		out __SP_L__,r24
 121               	.L4:
 122 00dc 0E94 0000 		call At45dbInit
 123 00e0 0E94 0000 		call RcInit
 124 00e4 0E94 0000 		call KbInit
 125 00e8 40E0      		ldi r20,lo8(0)
 126 00ea 50E0      		ldi r21,hi8(0)
 127 00ec 60E0      		ldi r22,lo8(gs(SysMainBeatInterrupt))
 128 00ee 70E0      		ldi r23,hi8(gs(SysMainBeatInterrupt))
 129 00f0 80E0      		ldi r24,lo8(sig_OVERFLOW0)
 130 00f2 90E0      		ldi r25,hi8(sig_OVERFLOW0)
 131 00f4 0E94 0000 		call NutRegisterIrqHandler
 132 00f8 892B      		or r24,r25
 133 00fa 01F4      		brne .L6
 134 00fc 85B5      		in r24,69-0x20
 135 00fe 8460      		ori r24,lo8(4)
 136 0100 85BD      		out 69-0x20,r24
 137 0102 A89A      		sbi 53-0x20,0
 138 0104 8091 6E00 		lds r24,110
 139 0108 8160      		ori r24,lo8(1)
 140 010a 8093 6E00 		sts 110,r24
 141               	.L6:
 142 010e 81E0      		ldi r24,lo8(1)
 143 0110 0E94 0000 		call NutThreadSetPriority
 144               	/* #APP */
 145 0114 7894      		sei
 146               	/* #NOAPP */
 147 0116 81E4      		ldi r24,lo8(65)
 148 0118 0E94 0000 		call LcdChar
 149 011c EE24      		clr r14
 150 011e FF24      		clr r15
 151 0120 00E0      		ldi r16,lo8(0)
 152 0122 10E0      		ldi r17,hi8(0)
 153               	.L8:
 154 0124 C701      		movw r24,r14
 155 0126 63E2      		ldi r22,lo8(35)
 156 0128 70E0      		ldi r23,hi8(35)
 157 012a 0E94 0000 		call __divmodhi4
 158 012e 0894      		sec
 159 0130 E11C      		adc r14,__zero_reg__
 160 0132 F11C      		adc r15,__zero_reg__
 161 0134 892B      		or r24,r25
 162 0136 01F4      		brne .L9
 163 0138 88E6      		ldi r24,lo8(104)
 164 013a 0E94 0000 		call LcdChar
 165               	.L9:
 166 013e 64E6      		ldi r22,lo8(100)
 167 0140 70E0      		ldi r23,hi8(100)
 168 0142 80E0      		ldi r24,hlo8(100)
 169 0144 90E0      		ldi r25,hhi8(100)
 170 0146 0E94 0000 		call NutSleep
 171 014a 0E94 0000 		call KbGetKey
GAS LISTING C:\Users\Jack\AppData\Local\Temp/ccApBV9s.s 			page 4


 172 014e 8F3F      		cpi r24,lo8(-1)
 173 0150 01F0      		breq .L11
 174 0152 81E0      		ldi r24,lo8(1)
 175 0154 0E94 0000 		call LcdBackLight
 176 0158 04E6      		ldi r16,lo8(100)
 177 015a 10E0      		ldi r17,hi8(100)
 178 015c 00C0      		rjmp .L13
 179               	.L11:
 180 015e 1016      		cp __zero_reg__,r16
 181 0160 1106      		cpc __zero_reg__,r17
 182 0162 04F4      		brge .L14
 183 0164 0150      		subi r16,lo8(-(-1))
 184 0166 1040      		sbci r17,hi8(-(-1))
 185               	.L14:
 186 0168 0115      		cp r16,__zero_reg__
 187 016a 1105      		cpc r17,__zero_reg__
 188 016c 01F4      		brne .L13
 189 016e 80E0      		ldi r24,lo8(0)
 190 0170 0E94 0000 		call LcdBackLight
 191               	.L13:
 192 0174 0E94 0000 		call WatchDogRestart
 193 0178 00C0      		rjmp .L8
 194               	/* epilogue: frame size=18 */
 195               	/* epilogue: noreturn */
 196               	/* epilogue end (size=0) */
 197               	/* function NutAppMain size 161 (147) */
 198               		.size	NutAppMain, .-NutAppMain
 199               		.type	SysMainBeatInterrupt, @function
 200               	SysMainBeatInterrupt:
 201               	/* prologue: frame size=0 */
 202               	/* prologue end (size=0) */
 203 017a 0E94 0000 		call KbScan
 204 017e 0E94 0000 		call CardCheckCard
 205               	/* epilogue: frame size=0 */
 206 0182 0895      		ret
 207               	/* epilogue end (size=1) */
 208               	/* function SysMainBeatInterrupt size 5 (4) */
 209               		.size	SysMainBeatInterrupt, .-SysMainBeatInterrupt
 210               		.section	.progmem.data,"a",@progbits
 211               		.type	__c.2553, @object
 212               		.size	__c.2553, 26
 213               	__c.2553:
 214 0000 5254 4320 		.string	"RTC time [%02d:%02d:%02d]"
 214      7469 6D65 
 214      205B 2530 
 214      3264 3A25 
 214      3032 643A 
 215               		.type	__c.2551, @object
 216               		.size	__c.2551, 12
 217               	__c.2551:
 218 001a 4865 6C6C 		.string	"Hello World"
 218      6F20 576F 
 218      726C 6400 
 219               	/* File "source/main.c": code  195 = 0x00c3 ( 179), prologues  14, epilogues   2 */
GAS LISTING C:\Users\Jack\AppData\Local\Temp/ccApBV9s.s 			page 5


DEFINED SYMBOLS
                            *ABS*:00000000 main.c
C:\Users\Jack\AppData\Local\Temp/ccApBV9s.s:3      *ABS*:0000003f __SREG__
C:\Users\Jack\AppData\Local\Temp/ccApBV9s.s:4      *ABS*:0000003e __SP_H__
C:\Users\Jack\AppData\Local\Temp/ccApBV9s.s:5      *ABS*:0000003d __SP_L__
C:\Users\Jack\AppData\Local\Temp/ccApBV9s.s:6      *ABS*:00000000 __tmp_reg__
C:\Users\Jack\AppData\Local\Temp/ccApBV9s.s:7      *ABS*:00000001 __zero_reg__
C:\Users\Jack\AppData\Local\Temp/ccApBV9s.s:13     .text:00000000 SysInitIO
C:\Users\Jack\AppData\Local\Temp/ccApBV9s.s:51     .text:0000003a NutAppMain
C:\Users\Jack\AppData\Local\Temp/ccApBV9s.s:217    .progmem.data:0000001a __c.2551
C:\Users\Jack\AppData\Local\Temp/ccApBV9s.s:213    .progmem.data:00000000 __c.2553
C:\Users\Jack\AppData\Local\Temp/ccApBV9s.s:200    .text:0000017a SysMainBeatInterrupt

UNDEFINED SYMBOLS
__do_copy_data
__do_clear_bss
WatchDogDisable
NutDelay
SPIinit
LedInit
LcdLowLevelInit
Uart0DriverInit
Uart0DriverStart
LogInit
LogMsg_P
CardInit
X12Init
X12RtcGetClock
At45dbInit
RcInit
KbInit
sig_OVERFLOW0
NutRegisterIrqHandler
NutThreadSetPriority
LcdChar
__divmodhi4
NutSleep
KbGetKey
LcdBackLight
WatchDogRestart
KbScan
CardCheckCard
